// Jest Snapshot v1, https://goo.gl/fbAQLP

exports[`should render CartItem component 1`] = `
<styled.div>
  <styled.img
    alt="Adidas NMD"
    src="adidas-nmd.png"
  />
  <styled.div>
    <span>
      Adidas NMD
    </span>
    <span>
      2
       x 
      <Connect(Price)
        price={220}
      />
    </span>
  </styled.div>
</styled.div>
`;
